<html>
<body>
<pre>
<h1>µVision Build Log</h1>
<h2>Tool Versions:</h2>
IDE-Version: µVision V5.15
Copyright (C) 2015 ARM Ltd and ARM Germany GmbH. All rights reserved.
License Information: Fernando Lichtschein, Independent, LIC=R4HWK-IAY2L-F5CXS-JTPE0-BNK06-D4AQG
 
Tool Versions:
Toolchain:       MDK-ARM Professional  Version: 5.15.0
Toolchain Path:  C:\Keil_v5\ARM\ARMCC\Bin
C Compiler:      Armcc.exe V5.05 update 2 (build 169)
Assembler:       Armasm.exe V5.05 update 2 (build 169)
Linker/Locator:  ArmLink.exe V5.05 update 2 (build 169)
Library Manager: ArmAr.exe V5.05 update 2 (build 169)
Hex Converter:   FromElf.exe V5.05 update 2 (build 169)
CPU DLL:         SARMCM3.DLL V5.15.0
Dialog DLL:      DCM.DLL V1.13.2.0
Target DLL:      Segger\JL2CM3.dll V2.99.15.0
Dialog DLL:      TCM.DLL V1.14.5.0
 
<h2>Project:</h2>
C:\Users\Fer\Documents\ConcursoARM\progs\IoT_ARM\IoT_ARM.uvprojx
Project File Date:  06/27/2015

<h2>Output:</h2>
*** Using Compiler 'V5.05 update 2 (build 169)', folder: 'C:\Keil_v5\ARM\ARMCC\Bin'
Build target 'Target 1'
compiling main.c...
compiling Thread.c...
linking...
Program Size: Code=33044 RO-data=1640 RW-data=9644 ZI-data=27408  
".\Objects\telnet.axf" - 0 Error(s), 0 Warning(s).

<h2>Software Packages used:</h2>

Package Vendor: ARM
                http://www.keil.com/pack/ARM.CMSIS.4.3.0.pack
                ::CMSIS:RTOS:1.0 (API)
                CMSIS (Cortex Microcontroller Software Interface Standard)
   * Component: RTOS Version: 1.0
   * Component: USART Version: 2.01
   * Component: Ethernet MAC Version: 2.01
   * Component: Ethernet PHY Version: 2.00
   * Component: CORE Version: 4.1.0
   * Component: DSP Version: 1.4.5
   * Component: Keil RTX Version: 4.78.0

Package Vendor: Infineon
                http://media.infineon.com/mdk/Infineon.XMC4000_DFP.2.2.0.pack
                Infineon::Device:Startup:1.0.0
                Infineon XMC4000 Series Device Support, Drivers and Examples
   * Component: Startup Version: 1.0.0
   * Component: RTE_Device Version: 1.0.0
   * Component: VADC Version: 1.0.0
   * Component: DMA Version: 1.0.0
   * Component: ERU Version: 1.0.0
   * Component: GPIO Version: 1.0.0
   * Component: SCU Version: 1.0.0
   * Component: UART Version: 1.0.0
   * Component: FCE Version: 1.0.0
   * Component: Ethernet MAC Version: 2.01
   * Component: USART Version: 2.03
   * Component: LED Version: 1.0.0

Package Vendor: Keil
                http://www.keil.com/pack/Keil.ARM_Compiler.1.0.0.pack
                Keil::Compiler:I/O:STDOUT:ITM:1.0.0
                Keil ARM Compiler extensions
   * Component: STDOUT Variant: ITM Version: 1.0.0

Package Vendor: Keil
                http://www.keil.com/pack/Keil.MDK-Middleware.6.4.0.pack
                ::Board Support:LED:1.00 (API)
                Keil MDK-ARM Professional Middleware for ARM Cortex-M based devices
   * Component: LED Version: 1.00
   * Component: CORE Variant: Release Version: 6.4.0
   * Component: ETH Version: 6.4.0
   * Component: UDP Version: 6.4.0
   * Component: TCP Version: 6.4.0
   * Component: BSD Version: 6.4.0
   * Component: KSZ8081RNA Version: 6.00

<h2>Collection of Component include folders:</h2>
  C:\Users\Fer\Documents\ConcursoARM\progs\IoT_ARM\RTE
  C:\Users\Fer\Documents\ConcursoARM\progs\IoT_ARM\RTE\Device\XMC4500-F100x1024
  C:\Keil_v5\ARM\PACK\ARM\CMSIS\4.3.0\CMSIS\Driver\Include
  C:\Keil_v5\ARM\PACK\ARM\CMSIS\4.3.0\CMSIS\Include
  C:\Keil_v5\ARM\PACK\ARM\CMSIS\4.3.0\CMSIS\RTOS\RTX\INC
  C:\Keil_v5\ARM\PACK\Infineon\XMC4000_DFP\2.2.0\Device\XMC4500_series\Include
  C:\Keil_v5\ARM\PACK\Infineon\XMC4000_DFP\2.2.0\Device\XMClib\inc
  C:\Keil_v5\ARM\PACK\Infineon\XMC4000_DFP\2.2.0\RTE_Driver
  C:\Keil_v5\ARM\PACK\Keil\MDK-Middleware\6.4.0\Board
  C:\Keil_v5\ARM\PACK\Keil\MDK-Middleware\6.4.0\Network\Include

<h2>Collection of Component Files used:</h2>

   * Component: ::CMSIS:RTOS:1.0 (API)

   * Component: ::CMSIS Driver:USART:2.01 (API)
      Include file:  CMSIS\Driver\Include\Driver_USART.h

   * Component: ::CMSIS Driver:Ethernet MAC:2.01 (API)
      Include file:  CMSIS\Driver\Include\Driver_ETH_MAC.h

   * Component: ::CMSIS Driver:Ethernet PHY:2.00 (API)
      Include file:  CMSIS\Driver\Include\Driver_ETH_PHY.h

   * Component: ARM::CMSIS:CORE:4.1.0

   * Component: ARM::CMSIS:DSP:1.4.5
      Include file:  CMSIS\Include\arm_math.h
      Library file:  CMSIS\Lib\ARM\arm_cortexM4lf_math.lib

   * Component: ARM::CMSIS:RTOS:Keil RTX:4.78.0
      Include file:  CMSIS\RTOS\RTX\INC\cmsis_os.h
      Source file:   CMSIS\RTOS\RTX\Templates\RTX_Conf_CM.c
      Include file:  CMSIS\RTOS\RTX\UserCodeTemplates\osObjects.h
      Source file:   CMSIS\RTOS\RTX\UserCodeTemplates\main.c
      Source file:   CMSIS\RTOS\RTX\UserCodeTemplates\MailQueue.c
      Source file:   CMSIS\RTOS\RTX\UserCodeTemplates\MemPool.c
      Source file:   CMSIS\RTOS\RTX\UserCodeTemplates\MsgQueue.c
      Source file:   CMSIS\RTOS\RTX\UserCodeTemplates\Mutex.c
      Source file:   CMSIS\RTOS\RTX\UserCodeTemplates\Semaphore.c
      Source file:   CMSIS\RTOS\RTX\UserCodeTemplates\Thread.c
      Source file:   CMSIS\RTOS\RTX\UserCodeTemplates\Timer.c
      Source file:   CMSIS\RTOS\RTX\SRC\ARM\SVC_Table.s
      Library file:  CMSIS\RTOS\RTX\LIB\ARM\RTX_CM4_IFX.lib

   * Component: Infineon::Device:Startup:1.0.0
      Include file:  Device\XMC4500_series\Include\XMC4500.h
      Source file:   Device\XMC4500_series\Source\system_XMC4500.c
      Source file:   Device\XMC4500_series\Source\ARM\startup_XMC4500.s

   * Component: Infineon::Device:RTE_Device:1.0.0
      Include file:  RTE_Driver\Config\XMC4500_F100\RTE_Device.h

   * Component: Infineon::Device:XMClib:VADC:1.0.0
      Source file:   Device\XMClib\src\xmc_common.c
      Source file:   Device\XMClib\src\xmc_vadc.c

   * Component: Infineon::Device:XMClib:DMA:1.0.0
      Source file:   Device\XMClib\src\xmc_common.c
      Source file:   Device\XMClib\src\xmc_dma.c

   * Component: Infineon::Device:XMClib:ERU:1.0.0
      Source file:   Device\XMClib\src\xmc_common.c
      Source file:   Device\XMClib\src\xmc_eru.c
      Source file:   Device\XMClib\src\xmc4_eru.c

   * Component: Infineon::Device:XMClib:GPIO:1.0.0
      Source file:   Device\XMClib\src\xmc_common.c
      Source file:   Device\XMClib\src\xmc_gpio.c
      Source file:   Device\XMClib\src\xmc4_gpio.c

   * Component: Infineon::Device:XMClib:SCU:1.0.0
      Source file:   Device\XMClib\src\xmc_common.c
      Source file:   Device\XMClib\src\xmc_scu.c
      Source file:   Device\XMClib\src\xmc4_scu.c

   * Component: Infineon::Device:XMClib:UART:1.0.0
      Source file:   Device\XMClib\src\xmc_common.c
      Source file:   Device\XMClib\src\xmc_usic.c
      Source file:   Device\XMClib\src\xmc4_usic.c
      Source file:   Device\XMClib\src\xmc_uart.c

   * Component: Infineon::Device:XMClib:FCE:1.0.0
      Source file:   Device\XMClib\src\xmc_common.c
      Source file:   Device\XMClib\src\xmc_fce.c

   * Component: Infineon::CMSIS Driver:Ethernet MAC:2.01
      Source file:   RTE_Driver\ETH_MAC.c

   * Component: Infineon::CMSIS Driver:USART:2.03
      Source file:   RTE_Driver\UART.c

   * Component: Infineon.XMC4500 Relax Lite Kit::Board Support:LED:1.0.0
      Source file:   Boards\Infineon\XMC4500 Relax Lite Kit\Common\LED_XMC4500.c

   * Component: Keil::Compiler:I/O:STDOUT:ITM:1.0.0
      Source file:   Source\retarget_io.c

   * Component: ::Board Support:LED:1.00 (API)
      Include file:  Board\Board_LED.h

   * Component: Keil.MDK-Pro::Network:CORE:Release:6.4.0
      Include file:  Network\Include\rl_net.h
      Source file:   Network\Config\Net_Config.c
      Library file:  Network\Lib\ARM\Net_CM3_L.lib

   * Component: Keil.MDK-Pro::Network:Interface:ETH:6.4.0
      Source file:   Network\Config\Net_Config_ETH.h

   * Component: Keil.MDK-Pro::Network:Socket:UDP:6.4.0
      Source file:   Network\Config\Net_Config_UDP.h
      Source file:   Network\Template\UDP_Socket.c

   * Component: Keil.MDK-Pro::Network:Socket:TCP:6.4.0
      Source file:   Network\Config\Net_Config_TCP.h
      Source file:   Network\Template\TCP_Socket_Server.c
      Source file:   Network\Template\TCP_Socket_Client.c

   * Component: Keil.MDK-Pro::Network:Socket:BSD:6.4.0
      Source file:   Network\Config\Net_Config_BSD.h

   * Component: Keil::CMSIS Driver:Ethernet PHY:KSZ8081RNA:6.00
      Source file:   Network\Driver\PHY_KSZ8081RNA.c
</pre>
</body>
</html>
